[crawl] favicon captured: assets/favicon.png (https://www.sparebank1.no/etc.clientlibs/settings/wcm/designs/sb1/nettsider/clientlib_base/resources/favicon.png)
[crawl] technique=headless pages=100
[crawl] OK   nb-bank-bedrift-html  data-endpoints:2
[crawl] OK   nb-bank-privat-daglig-bruk-html  data-endpoints:3
[crawl] OK   nb-bank-privat-html  data-endpoints:4
[crawl] OK   nb-bank-om-oss-html  data-endpoints:4
[crawl] OK   nb-bank-privat-forsikring-html  data-endpoints:1
[crawl] OK   nb-bank-privat-lan-html  data-endpoints:2
[crawl] OK   nb-bank-privat-sparing-html  data-endpoints:6
[crawl] OK   nb-bank-privat-pensjon-html  data-endpoints:2
[crawl] OK   nb-bank-privat-tips-og-rad-html  data-endpoints:1
[crawl] OK   nb-bank-privat-kundeservice-html  data-endpoints:1
[crawl] OK   nb-bank-privat-eiendom-html  data-endpoints:1
[crawl] OK   nb-bank-privat-lofavor-html  data-endpoints:1
[crawl] OK   nb-bank-privat-forsikring-meld-skade-html  data-endpoints:1
[crawl] OK   nb-bank-privat-kundeservice-bestill-bli-kunde-html  data-endpoints:1
[crawl] OK   nb-bank-privat-kundeservice-verktoy-sperre-kort-html  data-endpoints:1
[crawl] OK   nb-bank-privat-kundeservice-bestill-prisliste-html  data-endpoints:1
[crawl] OK   nb-bank-om-oss-om-banken-selskapsinformasjon-html  data-endpoints:1
[crawl] OK   nb-bank-om-oss-personvern-generelle-vilkar-html  data-endpoints:1
[crawl] OK   nb-bank-privat-kundeservice-verktoy-klager-html  data-endpoints:1
[crawl] OK   nb-bank-privat-svindel-html  data-endpoints:2
[crawl] OK   nb-bank-bedrift-open-api-html  data-endpoints:1
[crawl] OK   nb-bank-bedrift-daglig-drift-html  data-endpoints:1
[crawl] OK   nb-bank-om-oss-personvern-html  data-endpoints:1
[crawl] OK   nb-bank-privat-private-banking-html  data-endpoints:1
[crawl] OK   nb-bank-bedrift-konto-html  data-endpoints:1
[crawl] OK   nb-bank-bedrift-bedriftskort-html  data-endpoints:1
[crawl] OK   nb-bank-bedrift-regnskap-html  data-endpoints:1
[crawl] OK   nb-bank-bedrift-betaling-html  data-endpoints:1
[crawl] OK   nb-bank-bedrift-lan-finansiering-html  data-endpoints:1
[crawl] OK   nb-bank-bedrift-sparing-investering-html  data-endpoints:1
[crawl] OK   nb-bank-bedrift-bedriftsforsikring-html  data-endpoints:1
[crawl] OK   nb-bank-bedrift-pensjon-html  data-endpoints:1
[crawl] OK   nb-bank-bedrift-starte-bedrift-html  data-endpoints:1
[crawl] OK   nb-bank-bedrift-kundeservice-html  data-endpoints:1
[crawl] OK   nb-bank-om-oss-presse-html  data-endpoints:1
[crawl] OK   nb-bank-bedrift-tips-og-rad-html  data-endpoints:1
[crawl] OK   nb-bank-om-oss-investor-html  data-endpoints:1
[crawl] OK   nb-bank-om-oss-samfunnsansvar-html  data-endpoints:1
[crawl] OK   nb-bank-om-oss-selskaper-html  data-endpoints:1
[crawl] OK   nb-bank-om-oss-jobb-og-karriere-html  data-endpoints:1
[crawl] OK   nb-bank-om-oss-nyheter-html  data-endpoints:3
[crawl] OK   nb-bank-om-oss-vare-eksperter-html  data-endpoints:1
[crawl] OK   nb-bank-om-oss-hjemme-html  data-endpoints:3
[crawl] OK   nb-bank-privat-lan-boliglan-html  data-endpoints:3
[crawl] OK   nb-bank-privat-lan-billan-html  data-endpoints:1
[crawl] OK   nb-bank-privat-lan-gronne-lan-html  data-endpoints:1
[crawl] OK   nb-bank-privat-lan-forbrukslan-html  data-endpoints:3
[crawl] OK   nb-bank-privat-lan-refinansiering-html  data-endpoints:1
[crawl] OK   nb-bank-privat-daglig-bruk-kredittkort-html  data-endpoints:1
[crawl] OK   nb-bank-privat-daglig-bruk-bankkonto-html  data-endpoints:1
[crawl] OK   nb-bank-privat-daglig-bruk-bankkort-html  data-endpoints:1
[crawl] OK   nb-bank-privat-daglig-bruk-mobilbank-html  data-endpoints:1
[crawl] OK   nb-bank-privat-daglig-bruk-bankid-html  data-endpoints:1
[crawl] OK   nb-bank-privat-sparing-spare-pa-konto-html  data-endpoints:1
[crawl] OK   nb-bank-privat-sparing-spare-til-barn-html  data-endpoints:1
[crawl] OK   nb-bank-privat-sparing-spare-i-fond-html  data-endpoints:2
[crawl] OK   nb-bank-privat-pensjon-egen-pensjonskonto-html  data-endpoints:2
[crawl] OK   nb-bank-privat-forsikring-reiseforsikring-html  data-endpoints:1
[crawl] OK   nb-bank-privat-forsikring-innboforsikring-html  data-endpoints:1
[crawl] OK   nb-bank-privat-forsikring-bilforsikring-html  data-endpoints:1
[crawl] OK   nb-bank-privat-forsikring-barneforsikring-html  data-endpoints:1
[crawl] OK   nb-bank-bedrift-lan-finansiering-kassekreditt-html  data-endpoints:1
[crawl] OK   nb-bank-bedrift-konto-bedriftskonto-html  data-endpoints:1
[crawl] OK   nb-bank-bedrift-lan-finansiering-bedriftslan-html  data-endpoints:1
[crawl] OK   nb-bank-bedrift-lan-finansiering-leasing-html  data-endpoints:1
[crawl] OK   nb-bank-bedrift-bedriftskort-kredittkort-html  data-endpoints:1
[crawl] OK   nb-bank-bedrift-betaling-utenlandsbetaling-html  data-endpoints:1
[crawl] OK   nb-bank-bedrift-bedriftsforsikring-bransjer-borettslag-sameie-html  data-endpoints:1
[crawl] OK   nb-bank-privat-daglig-bruk-kredittkort-netthandel-kredittkort-html  data-endpoints:1
[crawl] OK   nb-bank-privat-kundeservice-verktoy-valutakalkulator-html  data-endpoints:2
[crawl] OK   nb-bank-privat-forsikring-hvilke-forsikringer-trenger-man-html  data-endpoints:1
[crawl] OK   nb-bank-privat-pensjon-hva-far-jeg-i-pensjon-html  data-endpoints:3
[crawl] OK   nb-bank-privat-kundeservice-verktoy-sparekalkulator-html  data-endpoints:5
[crawl] OK   nb-bank-privat-kundeservice-kontakt-html  data-endpoints:1
[crawl] OK   nb-bank-privat-kundeservice-verktoy-iban-og-swift-html  data-endpoints:1
[crawl] OK   nb-bank-privat-lan-lanekalkulator-html  data-endpoints:3
[crawl] OK   nb-bank-privat-forsikring-kundehistorier-html  data-endpoints:1
[crawl] OK   nb-bank-privat-forsikring-kundehistorier-sikrer-seg-mot-vannlekkasje-klok-av-skade-html  data-endpoints:3
[crawl] OK   nb-bank-bedrift-starte-bedrift-selskapsform-as-eller-enk-html  data-endpoints:1
[crawl] OK   nb-bank-bedrift-kundeservice-bank-regnskap-administrere-prisavtaler-html  data-endpoints:1
[crawl] OK   nb-bank-bedrift-kundeservice-bedriftsforsikring-begunstigelse-html  data-endpoints:1
[crawl] OK   nb-bank-bedrift-kundeservice-bm-andre-sporsmal-hvordan-blir-jeg-bedriftskunde-html  data-endpoints:1
[crawl] OK   nb-bank-bedrift-kundeservice-bedriftsforsikring-fg-godkjent-sprinkleranlegg-html  data-endpoints:1
[crawl] OK   nb-bank-bedrift-kundeservice-bank-regnskap-aktivere-ehf-html  data-endpoints:1
[crawl] OK   nb-bank-bedrift-kundeservice-bm-andre-sporsmal-hvordan-flytte-avtalegiro-efaktura-ehf-html  data-endpoints:1
[crawl] OK   nb-bank-bedrift-kundeservice-bm-kort-betaling-hva-er-bankkode-html  data-endpoints:1
[crawl] OK   nb-bank-bedrift-kundeservice-bm-lan-finansiering-fast-flytende-rente-bedriftslan-html  data-endpoints:1
[crawl] OK   nb-bank-bedrift-kundeservice-bm-kort-betaling-hva-er-bankaxept-html  data-endpoints:1
[crawl] OK   nb-bank-om-oss-nyheter-5-lommebokvennlige-tips-til-juleshoppingen-html  data-endpoints:3
[crawl] OK   nb-bank-bedrift-kundeservice-bm-lan-finansiering-kan-jeg-lease-uten-innskudd-html  data-endpoints:1
[crawl] OK   nb-bank-bedrift-kundeservice-bm-nettbank-bedrift-hvordan-sende-efaktura-html  data-endpoints:1
[crawl] OK   nb-bank-bedrift-kundeservice-bm-nettbank-bedrift-endre-kasserer-i-nettbank-bedrift-html  data-endpoints:1
[crawl] OK   nb-bank-om-oss-nyheter-advarer-mot-ny-svindelbolge-eldre-og-enslige-kvinner-saerlig-html  data-endpoints:3
[crawl] OK   nb-bank-om-oss-nyheter-bamses-historie-traktorulykken-html  data-endpoints:3
[crawl] OK   nb-bank-om-oss-nyheter-bruk-mobilbanken-fa-kontroll-pa-okonomien-html  data-endpoints:3
[crawl] OK   nb-bank-om-oss-nyheter-bank-regnskap-nerderiket-html  data-endpoints:3
[crawl] OK   nb-bank-privat-sparing-markedsnytt-artikler-kan-utviklingen-til-teknologifondene-fortsette-videre-i-samme-tempo-html  data-endpoints:3
[crawl] OK   nb-bank-om-oss-nyheter-bankkort-laget-av-resirkulert-plast-html  data-endpoints:3
[crawl] OK   nb-bank-privat-sparing-markedsnytt-artikler-gar-du-glipp-av-millioner-i-pensjon-html  data-endpoints:3
[crawl] OK   nb-bank-privat-sparing-markedsnytt-html  data-endpoints:2
[crawl] dynamic surface (reach): 26 same-site data endpoints, 0 pages with a search form, 0 hydrated — depth + classification: stardust:dynamics
[crawl] done. 100/100 captured, 0 failed. log: stardust/current/_crawl-log.json
