[styles] OK   nb-bank-bedrift-bedriftskort-html  10387ms h=12 cta=8 sec=7 img=7 bg=0
[styles] OK   nb-bank-bedrift-bedriftsforsikring-bransjer-borettslag-sameie-html  10392ms h=14 cta=10 sec=12 img=11 bg=0
[styles] OK   nb-bank-bedrift-bedriftskort-kredittkort-html  10801ms h=17 cta=16 sec=11 img=9 bg=0
[styles] OK   nb-bank-bedrift-bedriftsforsikring-html  10848ms h=25 cta=36 sec=12 img=19 bg=0
[styles] OK   nb-bank-bedrift-betaling-html  4242ms h=19 cta=13 sec=15 img=17 bg=3
[styles] OK   nb-bank-bedrift-betaling-utenlandsbetaling-html  4290ms h=26 cta=30 sec=12 img=12 bg=0
[styles] OK   nb-bank-bedrift-html  4118ms h=12 cta=11 sec=9 img=21 bg=0
[styles] OK   nb-bank-bedrift-daglig-drift-html  4226ms h=19 cta=14 sec=12 img=14 bg=2
[styles] OK   nb-bank-bedrift-konto-bedriftskonto-html  4183ms h=11 cta=8 sec=7 img=10 bg=0
[styles] OK   nb-bank-bedrift-kundeservice-bank-regnskap-administrere-prisavtaler-html  4151ms h=7 cta=7 sec=2 img=6 bg=0
[styles] OK   nb-bank-bedrift-konto-html  4443ms h=15 cta=9 sec=12 img=16 bg=2
[styles] OK   nb-bank-bedrift-kundeservice-bank-regnskap-aktivere-ehf-html  4222ms h=7 cta=7 sec=2 img=5 bg=0
[styles] OK   nb-bank-bedrift-kundeservice-bm-andre-sporsmal-hvordan-blir-jeg-bedriftskunde-html  3572ms h=7 cta=8 sec=2 img=4 bg=0
[styles] OK   nb-bank-bedrift-kundeservice-bedriftsforsikring-begunstigelse-html  4144ms h=7 cta=7 sec=2 img=3 bg=0
[styles] OK   nb-bank-bedrift-kundeservice-bedriftsforsikring-fg-godkjent-sprinkleranlegg-html  3920ms h=7 cta=5 sec=2 img=3 bg=0
[styles] OK   nb-bank-bedrift-kundeservice-bm-andre-sporsmal-hvordan-flytte-avtalegiro-efaktura-ehf-html  3994ms h=7 cta=8 sec=2 img=4 bg=0
[styles] OK   nb-bank-bedrift-kundeservice-bm-kort-betaling-hva-er-bankaxept-html  3923ms h=7 cta=7 sec=2 img=4 bg=0
[styles] OK   nb-bank-bedrift-kundeservice-bm-kort-betaling-hva-er-bankkode-html  3972ms h=7 cta=7 sec=2 img=4 bg=0
[styles] OK   nb-bank-bedrift-kundeservice-bm-lan-finansiering-fast-flytende-rente-bedriftslan-html  3913ms h=7 cta=7 sec=2 img=4 bg=0
[styles] OK   nb-bank-bedrift-kundeservice-bm-lan-finansiering-kan-jeg-lease-uten-innskudd-html  3933ms h=7 cta=8 sec=2 img=4 bg=0
[styles] OK   nb-bank-bedrift-kundeservice-bm-nettbank-bedrift-endre-kasserer-i-nettbank-bedrift-html  3848ms h=7 cta=8 sec=2 img=4 bg=0
[styles] OK   nb-bank-bedrift-kundeservice-bm-nettbank-bedrift-hvordan-sende-efaktura-html  3907ms h=7 cta=8 sec=2 img=4 bg=0
[styles] OK   nb-bank-bedrift-kundeservice-html  4227ms h=22 cta=19 sec=6 img=20 bg=0
[styles] OK   nb-bank-bedrift-lan-finansiering-bedriftslan-html  4197ms h=20 cta=25 sec=13 img=8 bg=0
[styles] OK   nb-bank-bedrift-lan-finansiering-html  4407ms h=21 cta=9 sec=11 img=25 bg=1
[styles] OK   nb-bank-bedrift-lan-finansiering-kassekreditt-html  4237ms h=18 cta=25 sec=10 img=7 bg=0
[styles] OK   nb-bank-bedrift-lan-finansiering-leasing-html  4260ms h=20 cta=24 sec=8 img=8 bg=0
[styles] OK   nb-bank-bedrift-open-api-html  4246ms h=10 cta=7 sec=2 img=8 bg=0
[styles] OK   nb-bank-bedrift-pensjon-html  4297ms h=24 cta=24 sec=16 img=18 bg=3
[styles] OK   nb-bank-bedrift-regnskap-html  4364ms h=16 cta=14 sec=10 img=15 bg=0
[styles] OK   nb-bank-bedrift-sparing-investering-html  4245ms h=13 cta=10 sec=9 img=10 bg=2
[styles] OK   nb-bank-bedrift-starte-bedrift-html  4282ms h=12 cta=12 sec=7 img=14 bg=0
[styles] OK   nb-bank-bedrift-starte-bedrift-selskapsform-as-eller-enk-html  4234ms h=26 cta=21 sec=8 img=7 bg=0
[styles] OK   nb-bank-bedrift-tips-og-rad-html  4285ms h=13 cta=5 sec=2 img=10 bg=0
[styles] OK   nb-bank-om-oss-hjemme-html  4306ms h=12 cta=9 sec=3 img=6 bg=3
[styles] OK   nb-bank-om-oss-html  4271ms h=11 cta=10 sec=6 img=19 bg=0
[styles] OK   nb-bank-om-oss-investor-html  4240ms h=12 cta=23 sec=4 img=6 bg=0
[styles] OK   nb-bank-om-oss-jobb-og-karriere-html  4183ms h=11 cta=8 sec=5 img=7 bg=0
[styles] OK   nb-bank-om-oss-nyheter-5-lommebokvennlige-tips-til-juleshoppingen-html  4106ms h=13 cta=6 sec=3 img=9 bg=0
[styles] OK   nb-bank-om-oss-nyheter-advarer-mot-ny-svindelbolge-eldre-og-enslige-kvinner-saerlig-html  4136ms h=12 cta=6 sec=3 img=10 bg=0
[styles] OK   nb-bank-om-oss-nyheter-bamses-historie-traktorulykken-html  4098ms h=13 cta=6 sec=3 img=11 bg=0
[styles] OK   nb-bank-om-oss-nyheter-bank-regnskap-nerderiket-html  4465ms h=7 cta=8 sec=3 img=10 bg=0
[styles] OK   nb-bank-om-oss-nyheter-bankkort-laget-av-resirkulert-plast-html  4279ms h=11 cta=6 sec=3 img=10 bg=0
[styles] OK   nb-bank-om-oss-nyheter-bruk-mobilbanken-fa-kontroll-pa-okonomien-html  4242ms h=10 cta=6 sec=3 img=12 bg=0
[styles] OK   nb-bank-om-oss-nyheter-html  4415ms h=37 cta=4 sec=3 img=34 bg=0
[styles] OK   nb-bank-om-oss-om-banken-selskapsinformasjon-html  3951ms h=7 cta=5 sec=5 img=4 bg=0
[styles] OK   nb-bank-om-oss-personvern-generelle-vilkar-html  4300ms h=13 cta=5 sec=3 img=4 bg=0
[styles] OK   nb-bank-om-oss-personvern-html  4391ms h=50 cta=31 sec=11 img=13 bg=0
[styles] OK   nb-bank-om-oss-presse-html  4322ms h=10 cta=8 sec=5 img=11 bg=0
[styles] OK   nb-bank-om-oss-samfunnsansvar-html  4168ms h=10 cta=7 sec=5 img=9 bg=0
[styles] OK   nb-bank-om-oss-selskaper-html  3861ms h=7 cta=5 sec=2 img=5 bg=0
[styles] OK   nb-bank-om-oss-vare-eksperter-html  4251ms h=12 cta=5 sec=4 img=14 bg=0
[styles] OK   nb-bank-privat-daglig-bruk-bankid-html  4230ms h=28 cta=35 sec=13 img=19 bg=0
[styles] OK   nb-bank-privat-daglig-bruk-bankkonto-html  4227ms h=16 cta=8 sec=12 img=13 bg=5
[styles] OK   nb-bank-privat-daglig-bruk-bankkort-html  4261ms h=28 cta=39 sec=16 img=31 bg=0
[styles] OK   nb-bank-privat-daglig-bruk-html  4146ms h=18 cta=10 sec=12 img=18 bg=6
[styles] OK   nb-bank-privat-daglig-bruk-kredittkort-netthandel-kredittkort-html  4267ms h=14 cta=10 sec=9 img=13 bg=0
[styles] OK   nb-bank-privat-daglig-bruk-kredittkort-html  4278ms h=40 cta=46 sec=16 img=35 bg=0
[styles] OK   nb-bank-privat-daglig-bruk-mobilbank-html  4230ms h=21 cta=35 sec=11 img=26 bg=0
[styles] OK   nb-bank-privat-eiendom-html  4369ms h=12 cta=7 sec=6 img=11 bg=3
[styles] OK   nb-bank-privat-forsikring-bilforsikring-html  4315ms h=29 cta=84 sec=29 img=92 bg=0
[styles] OK   nb-bank-privat-forsikring-html  4448ms h=42 cta=59 sec=18 img=29 bg=0
[styles] OK   nb-bank-privat-forsikring-barneforsikring-html  4648ms h=27 cta=75 sec=21 img=53 bg=0
[styles] OK   nb-bank-privat-forsikring-hvilke-forsikringer-trenger-man-html  4307ms h=15 cta=10 sec=6 img=13 bg=0
[styles] OK   nb-bank-privat-forsikring-kundehistorier-html  3918ms h=8 cta=5 sec=4 img=5 bg=0
[styles] OK   nb-bank-privat-forsikring-innboforsikring-html  4471ms h=27 cta=72 sec=21 img=53 bg=0
[styles] OK   nb-bank-privat-forsikring-kundehistorier-sikrer-seg-mot-vannlekkasje-klok-av-skade-html  4228ms h=11 cta=6 sec=3 img=10 bg=1
[styles] OK   nb-bank-privat-forsikring-meld-skade-html  4198ms h=19 cta=14 sec=9 img=6 bg=0
[styles] OK   nb-bank-privat-forsikring-reiseforsikring-html  4271ms h=33 cta=88 sec=27 img=59 bg=0
[styles] OK   nb-bank-privat-kundeservice-bestill-prisliste-html  3475ms h=6 cta=4 sec=5 img=4 bg=0
[styles] OK   nb-bank-privat-html  4104ms h=18 cta=8 sec=7 img=19 bg=0
[styles] OK   nb-bank-privat-kundeservice-bestill-bli-kunde-html  4261ms h=11 cta=10 sec=7 img=10 bg=0
[styles] OK   nb-bank-privat-kundeservice-html  4209ms h=28 cta=17 sec=5 img=18 bg=0
[styles] OK   nb-bank-privat-kundeservice-kontakt-html  4191ms h=9 cta=4 sec=4 img=4 bg=0
[styles] OK   nb-bank-privat-kundeservice-verktoy-iban-og-swift-html  4206ms h=12 cta=10 sec=9 img=5 bg=0
[styles] OK   nb-bank-privat-kundeservice-verktoy-klager-html  4135ms h=9 cta=7 sec=7 img=4 bg=0
[styles] OK   nb-bank-privat-kundeservice-verktoy-sperre-kort-html  4138ms h=13 cta=9 sec=7 img=6 bg=0
[styles] OK   nb-bank-privat-kundeservice-verktoy-sparekalkulator-html  4343ms h=10 cta=7 sec=6 img=8 bg=0
[styles] OK   nb-bank-privat-kundeservice-verktoy-valutakalkulator-html  4454ms h=11 cta=17 sec=7 img=7 bg=0
[styles] OK   nb-bank-privat-lan-billan-html  4520ms h=21 cta=32 sec=14 img=22 bg=0
[styles] OK   nb-bank-privat-lan-boliglan-html  4611ms h=23 cta=36 sec=12 img=18 bg=0
[styles] OK   nb-bank-privat-lan-gronne-lan-html  4358ms h=12 cta=6 sec=8 img=15 bg=3
[styles] OK   nb-bank-privat-lan-forbrukslan-html  4684ms h=29 cta=34 sec=14 img=15 bg=0
[styles] OK   nb-bank-privat-lan-html  4377ms h=23 cta=19 sec=18 img=33 bg=4
[styles] OK   nb-bank-privat-lan-lanekalkulator-html  4136ms h=12 cta=8 sec=12 img=20 bg=0
[styles] OK   nb-bank-privat-lan-refinansiering-html  4163ms h=18 cta=27 sec=10 img=14 bg=0
[styles] OK   nb-bank-privat-lofavor-html  4248ms h=24 cta=30 sec=7 img=19 bg=0
[styles] OK   nb-bank-privat-pensjon-egen-pensjonskonto-html  4227ms h=33 cta=40 sec=17 img=20 bg=0
[styles] OK   nb-bank-privat-pensjon-hva-far-jeg-i-pensjon-html  4086ms h=12 cta=8 sec=3 img=12 bg=0
[styles] OK   nb-bank-privat-pensjon-html  4599ms h=29 cta=38 sec=16 img=37 bg=0
[styles] OK   nb-bank-privat-private-banking-html  4237ms h=17 cta=25 sec=8 img=15 bg=0
[styles] OK   nb-bank-privat-sparing-html  4324ms h=19 cta=8 sec=14 img=22 bg=3
[styles] OK   nb-bank-privat-sparing-markedsnytt-artikler-gar-du-glipp-av-millioner-i-pensjon-html  4076ms h=12 cta=8 sec=3 img=11 bg=0
[styles] OK   nb-bank-privat-sparing-markedsnytt-artikler-kan-utviklingen-til-teknologifondene-fortsette-videre-i-samme-tempo-html  4198ms h=9 cta=9 sec=3 img=5 bg=1
[styles] OK   nb-bank-privat-sparing-markedsnytt-html  4210ms h=23 cta=18 sec=10 img=17 bg=0
[styles] OK   nb-bank-privat-sparing-spare-i-fond-html  4418ms h=30 cta=33 sec=16 img=21 bg=0
[styles] OK   nb-bank-privat-sparing-spare-pa-konto-html  4244ms h=21 cta=12 sec=14 img=21 bg=4
[styles] OK   nb-bank-privat-sparing-spare-til-barn-html  4198ms h=16 cta=7 sec=11 img=18 bg=2
[styles] OK   nb-bank-privat-svindel-html  4376ms h=12 cta=10 sec=5 img=15 bg=0
[styles] OK   nb-bank-privat-tips-og-rad-html  4194ms h=15 cta=14 sec=4 img=13 bg=0
[styles] done. 100/100 ok; fonts saved: 7; @font-face rules: 11
