{"t":"2026-09-14T21:40:12.312Z","path":"/footer-frontend-om-oss-2","step":"verify","ok":true}
{"t":"2026-09-14T21:40:12.312Z","path":"/footer-frontend-2","step":"verify","ok":true}
{"t":"2026-09-14T21:40:12.685Z","path":"/footer-bedrift","step":"verify","ok":true}
{"t":"2026-09-14T21:40:16.844Z","path":"/footer-frontend-om-oss","step":"verify","ok":true}
{"t":"2026-09-14T21:40:16.958Z","path":"/footer-frontend","step":"verify","ok":true}
{"t":"2026-09-14T21:40:17.701Z","path":"/footer-kundeservice","step":"verify","ok":true}
{"t":"2026-09-14T21:40:21.599Z","path":"/footer","step":"verify","ok":true}
{"t":"2026-09-14T21:40:21.822Z","path":"/fragments/bank-router-bedrift","step":"verify","ok":true}
{"t":"2026-09-14T21:40:21.842Z","path":"/footer-om-oss","step":"verify","ok":true}
{"t":"2026-09-14T21:40:25.776Z","path":"/fragments/bank-router","step":"verify","ok":true}
{"t":"2026-09-14T21:40:26.327Z","path":"/fragments/bank-router-om-oss","step":"verify","ok":true}
{"t":"2026-09-14T21:40:26.836Z","path":"/nav-bedrift","step":"verify","ok":true}
{"t":"2026-09-14T21:40:30.287Z","path":"/nav-minimal-om-oss","step":"verify","ok":true}
{"t":"2026-09-14T21:40:30.595Z","path":"/nav-om-oss","step":"verify","ok":true}
{"t":"2026-09-14T21:40:30.832Z","path":"/nav-minimal","step":"verify","ok":true}
{"t":"2026-09-14T21:40:37.410Z","path":"/nav","step":"verify","ok":true}
{"t":"2026-09-14T21:40:37.785Z","path":"/nb/bank/privat/lan/boliglan","step":"verify","ok":true}
{"t":"2026-09-14T22:34:48.988Z","path":"/footer-frontend-om-oss","step":"verify","ok":true}
{"t":"2026-09-14T22:34:49.008Z","path":"/footer-frontend-om-oss-2","step":"verify","ok":true}
{"t":"2026-09-14T22:34:49.020Z","path":"/footer-frontend-2","step":"verify","ok":true}
{"t":"2026-09-14T22:34:54.009Z","path":"/footer-frontend","step":"verify","ok":true}
{"t":"2026-09-14T22:34:54.130Z","path":"/nb/bank/bedrift/bedriftsforsikring/bransjer/borettslag-sameie","step":"verify","ok":true}
{"t":"2026-09-14T22:34:56.480Z","path":"/nb/bank/bedrift/bedriftsforsikring","step":"verify","ok":true}
{"t":"2026-09-14T22:34:59.130Z","path":"/nb/bank/bedrift/kundeservice/bank-regnskap/administrere-prisavtaler","step":"verify","ok":true}
{"t":"2026-09-14T22:34:59.162Z","path":"/nb/bank/bedrift/kundeservice/bank-regnskap/aktivere-ehf","step":"verify","ok":true}
{"t":"2026-09-14T22:35:00.516Z","path":"/nb/bank/bedrift/kundeservice/bedriftsforsikring/begunstigelse","step":"verify","ok":true}
{"t":"2026-09-14T22:35:03.474Z","path":"/nb/bank/bedrift/kundeservice/bedriftsforsikring/fg-godkjent-sprinkleranlegg","step":"verify","ok":true}
{"t":"2026-09-14T22:35:03.670Z","path":"/nb/bank/bedrift/kundeservice/bm-andre-sporsmal/hvordan-blir-jeg-bedriftskunde","step":"verify","ok":true}
{"t":"2026-09-14T22:35:04.632Z","path":"/nb/bank/bedrift/kundeservice/bm-andre-sporsmal/hvordan-flytte-avtalegiro-efaktura-ehf","step":"verify","ok":true}
{"t":"2026-09-14T22:35:07.398Z","path":"/nb/bank/bedrift/kundeservice/bm-kort-betaling/hva-er-bankkode","step":"verify","ok":true}
{"t":"2026-09-14T22:35:07.428Z","path":"/nb/bank/bedrift/kundeservice/bm-kort-betaling/hva-er-bankaxept","step":"verify","ok":true}
{"t":"2026-09-14T22:35:08.772Z","path":"/nb/bank/bedrift/kundeservice/bm-lan-finansiering/fast-flytende-rente-bedriftslan","step":"verify","ok":true}
{"t":"2026-09-14T22:35:11.317Z","path":"/nb/bank/bedrift/kundeservice/bm-nettbank-bedrift/endre-kasserer-i-nettbank-bedrift","step":"verify","ok":true}
{"t":"2026-09-14T22:35:11.647Z","path":"/nb/bank/bedrift/kundeservice/bm-lan-finansiering/kan-jeg-lease-uten-innskudd","step":"verify","ok":true}
{"t":"2026-09-14T22:35:12.818Z","path":"/nb/bank/bedrift/kundeservice/bm-nettbank-bedrift/hvordan-sende-efaktura","step":"verify","ok":true}
{"t":"2026-09-14T22:35:17.594Z","path":"/nb/bank/om-oss/hjemme","step":"verify","ok":true}
{"t":"2026-09-14T22:35:17.595Z","path":"/nb/bank/bedrift","step":"verify","ok":true}
{"t":"2026-09-14T22:35:18.628Z","path":"/nb/bank/om-oss/investor","step":"verify","ok":true}
{"t":"2026-09-14T22:35:22.853Z","path":"/nb/bank/om-oss/jobb-og-karriere","step":"verify","ok":true}
{"t":"2026-09-14T22:35:23.851Z","path":"/nb/bank/om-oss/nyheter/5-lommebokvennlige-tips-til-juleshoppingen","step":"verify","ok":true}
{"t":"2026-09-14T22:35:25.044Z","path":"/nb/bank/om-oss/nyheter/advarer-mot-ny-svindelbolge-eldre-og-enslige-kvinner-saerlig","step":"verify","ok":true}
{"t":"2026-09-14T22:35:28.167Z","path":"/nb/bank/om-oss/nyheter/bank-regnskap-nerderiket","step":"verify","ok":true}
{"t":"2026-09-14T22:35:28.779Z","path":"/nb/bank/om-oss/nyheter/bamses-historie-traktorulykken","step":"verify","ok":true}
{"t":"2026-09-14T22:35:32.513Z","path":"/nb/bank/om-oss/nyheter/bankkort-laget-av-resirkulert-plast","step":"verify","ok":true}
{"t":"2026-09-14T22:35:34.059Z","path":"/nb/bank/om-oss/nyheter/bruk-mobilbanken-fa-kontroll-pa-okonomien","step":"verify","ok":true}
{"t":"2026-09-14T22:35:35.764Z","path":"/nb/bank/om-oss/nyheter","step":"verify","ok":true}
{"t":"2026-09-14T22:35:36.958Z","path":"/nb/bank/om-oss/om-banken/selskapsinformasjon","step":"verify","ok":true}
{"t":"2026-09-14T22:35:38.336Z","path":"/nb/bank/om-oss/personvern/generelle-vilkar","step":"verify","ok":true}
{"t":"2026-09-14T22:35:41.089Z","path":"/nb/bank/om-oss/personvern","step":"verify","ok":true}
{"t":"2026-09-14T22:35:42.339Z","path":"/nb/bank/om-oss/presse","step":"verify","ok":true}
{"t":"2026-09-14T22:35:42.887Z","path":"/nb/bank/om-oss/samfunnsansvar","step":"verify","ok":true}
{"t":"2026-09-14T22:35:45.804Z","path":"/nb/bank/om-oss/selskaper","step":"verify","ok":true}
{"t":"2026-09-14T22:35:46.836Z","path":"/nb/bank/om-oss","step":"verify","ok":true}
{"t":"2026-09-14T22:35:48.738Z","path":"/nb/bank/privat/daglig-bruk/kredittkort/netthandel-kredittkort","step":"verify","ok":true}
{"t":"2026-09-14T22:35:51.527Z","path":"/nb/bank/privat/forsikring/kundehistorier/sikrer-seg-mot-vannlekkasje-klok-av-skade","step":"verify","ok":false,"why":"about:error in delivered html"}
{"t":"2026-09-14T22:35:52.109Z","path":"/nb/bank/privat/forsikring/hvilke-forsikringer-trenger-man","step":"verify","ok":true}
{"t":"2026-09-14T22:35:54.360Z","path":"/nb/bank/privat/pensjon/hva-far-jeg-i-pensjon","step":"verify","ok":true}
{"t":"2026-09-14T22:35:56.765Z","path":"/nb/bank/privat/sparing/markedsnytt/artikler/gar-du-glipp-av-millioner-i-pensjon","step":"verify","ok":true}
{"t":"2026-09-14T22:35:57.544Z","path":"/nb/bank/privat/sparing/markedsnytt/artikler/kan-utviklingen-til-teknologifondene-fortsette-videre-i-samme-tempo","step":"verify","ok":true}
{"t":"2026-09-14T22:35:59.389Z","path":"/nb/bank/privat/sparing/markedsnytt","step":"verify","ok":true}
{"t":"2026-09-14T22:36:02.204Z","path":"/nb/bank/privat","step":"verify","ok":true}
